
> meal-matrix-systems@0.1.0 build
> next build

Γû▓ Next.js 16.1.3 (Turbopack)
- Environments: .env

node.exe : ΓÜá The "middleware" file 
convention is deprecated. Please use "proxy" 
instead. Learn more: https://nextjs.org/docs/me
ssages/middleware-to-proxy
At line:1 char:1
+ & "C:\Program Files\nodejs/node.exe" 
"C:\Users\HP\AppData\Roaming\npm ...
+ ~~~~~~~~~~~~~~~~~~~~~~~~~~~~~~~~~~~~~~~~~~~~~
~~~~~~~~~~~~~~~~~~~~~~~~
    + CategoryInfo          : NotSpecified: (Γ 
   Üá The "middle...leware-to-proxy:String) [  
  ], RemoteException
    + FullyQualifiedErrorId : NativeCommandErr 
   or
 
  Creating an optimized production build ...
Γ£ô Compiled successfully in 11.3s
  Running TypeScript ...
Failed to compile.

./app/owner/attendance/page.tsx:5:24
Type error: Cannot find module 'date-fns' or 
its corresponding type declarations.

[0m [90m 3 |[39m [36mimport[39m { 
useEffect[33m,[39m useState } [36mfrom[39m 
[32m"react"[39m[33m;[39m
 [90m 4 |[39m [36mimport[39m axios 
[36mfrom[39m [32m"axios"[39m[33m;[39m
[31m[1m>[22m[39m[90m 5 |[39m 
[36mimport[39m { format } [36mfrom[39m 
[32m"date-fns"[39m[33m;[39m
 [90m   |[39m                        
[31m[1m^[22m[39m
 [90m 6 |[39m [36mimport[39m {
 [90m 7 |[39m     [33mCalendar[39m 
[36mas[39m [33mCalendarIcon[39m[33m,[39m
 [90m 8 |[39m     
[33mSearch[39m[33m,[39m[0m
Next.js build worker exited with code: 1 and 
signal: null
